nnwnnnnnnnwwnnwnnnnnwwnnnnnnnnnnnnnwnnnn
nwnnwnnnnnnnnnnnnnnnnnwnnnnnnnnnwnnnnnnn
wnnnnnnnnnnnnnnnwnnnnnnnnnnnnnnwwnnnwnnn
nnnnnnnnnwnnnnnnnnnnnnnnnnnwnwnnnnnnnwnn
nwnnHnnnnnnnnnnnwnnnnnwnnnnnwnnnnnwnnnnw
nnnnnnnnnnwnnnnnnnnnnnnnnnnwnnwnnnnwnnnn
nnnnnnwnnnnnnwnnnnnwwnnnwnnwnnnnnnnnnnnn
nnnnnnnnnnwnwnwnnnnwnnnnnnnnwnnnnnnnnwwn
nnnnnnnnnwnnnwnnnnnnnnnnnnwnwnnnnnnnnwnn
nnnwnnnnwnnnnnwnnnnnwnnnwnnnnwnnnnwnnnnn
wnnnnwnwnnnnnwnnnnnnnnnnnnnwnnwnnnnnwnnn
wnnnnnnnnnnnnnnnnwnnnnnnnnnnnnnwwnnwnnnn
nnnnnnnwnnnnnnnnnnnnwnnnnnnnnwnnnwwnwnnn
nnnnnnwnwnwnnnnnnnnnnnnnnnnnnnnwnnnnnnnn
wnnnnnnwnwnnnnwnnnnnnnnwnnnnnnnnnnnnnnnn
nnnnnnnnnnnnnnnnwnnnnnwnnnnnnnwnnwnnnnnn
nnwnwnnnnnnnnnnwnnnwwnwnnwnnnnnnnnnnnnnn
nnnnnnnnnnnwnnnnnnnnwnnwwnnnnnnnnnnwnnwn
nnnnnnnnnnnnnnnnnnnwnnnnnnnnnnnnnnnnnnnw
nnnnnnwwnnnnnnnnwnwnnnwwnnnwnnwnnwnnnnnw
wnnnnnwnnwnnwnnnwwnnnwnwnnnnnnnnwwnnnnnn
wnnnnnnnnnnnnnnnnnnnwnnnnnnnnnnnnnnnnnnn
nwnnwnnnnnnnnnnwwnnwnnnnnnnnwnnnnnnnnnnn
nnnnnnnnnnnnnnwnnwnwwnnnwnnnnnnnnnnwnwnn
nnnnnnwnnwnnnnnnnwnnnnnwnnnnnnnnnnnnnnnn
nnnnnnnnnnnnnnnnwnnnnnnnnwnnnnwnwnnnnnnw
nnnnnnnnwnnnnnnnnnnnnnnnnnnnnwnwnwnnnnnn
nnnwnwwnnnwnnnnnnnnwnnnnnnnnnnnnwnnnnnnn
nnnnwnnwwnnnnnnnnnnnnnwnnnnnnnnnnnnnnnnw
nnnwnnnnnwnnwnnnnnnnnnnnnnwnnnnnwnwnnnnw
nnnnnwnnnnwnnnnwnnnwnnnnnwnnnnnwnnnnwnnn
nnwnnnnnnnnwnwnnnnnnnnnnnnwnnnwnnnnnnnnn
nwwnnnnnnnnwnnnnnnnnwnnnnwnwnwnnnnnnnnnn
nnnnnnnnnnnnwnnwnnnwwnnnnnwnnnnnnwnnnnnn
nnnnwnnnnwnnwnnnnnnnnnnnnnnnnwnnnnnnnnnn
wnnnnwnnnnnwnnnnnwnnnnnwnnnnnnnnnnnhnnwn
nnwnnnnnnnwnwnnnnnnnnnnnnnnnnnwnnnnnnnnn
nnnwnnnwwnnnnnnnnnnnnnnwnnnnnnnnnnnnnnnw
nnnnnnnwnnnnnnnnnwnnnnnnnnnnnnnnnnnwnnwn
nnnnwnnnnnnnnnnnnnwwnnnnnwnnwwnnnnnnnwnn
