nnnnnnnnnnnnnnnnnnnwwnnnnnnnnnnnnnnnnnnn
nnnnnnnnnnnnnnnnnnnwwnnnnnnnnnnnnnnnnnnn
nnnnnnnnnnnnnnnnnnnwwnnnnnnnnnnnnnnnnnnn
nnnnnnnnnnnnnnnnnnnwwnnnnnnnnnnnnnnnnnnn
nnnnHnnnnnnnnnnnnnnwwnnnnnnnnnnnnnnnnnnn
nnnnnnnnnnnnnnnnnnnwwnnnnnnnnnnnnnnnnnnn
nnnnnnnnnnnnnnnnnnnwwnnnnnnnnnnnnnnnnnnn
nnnnnnnnnnnnnnnnnnnwwnnnnnnnnnnnnnnnnnnn
nnnnnnnnnnnnnnnnnnnwwnnnnnnnnnnnnnnnnnnn
nnnnnnnnnnnnnnnnnnnwwnnnnnnnnnnnnnnnnnnn
nnnnnnnnnnnnnnnnnnnwwnnnnnnnnnnnnnnnnnnn
nnnnnnnnnnnnnnnnnnnwwnnnnnnnnnnnnnnnnnnn
nnnnnnnnnnnnnnnnnnnwwnnnnnnnnnnnnnnnnnnn
nnnnnnnnnnnnnnnnnnnwwnnnnnnnnnnnnnnnnnnn
nnnnnnnnnnnnnnnnnnnwwnnnnnnnnnnnnnnnnnnn
nnnnnnnnnnnnnnnnnnnwwnnnnnnnnnnnnnnnnnnn
nnnnnnnnnnnnnnnnnnnwwnnnnnnnnnnnnnnnnnnn
nnnnnnnnnnnnnnnnnnnwwnnnnnnnnnnnnnnnnnnn
nnnnnnnnnnnnnnnnnnnwwnnnnnnnnnnnnnnnnnnn
wwwwwwwwwwwwwwwwwwwwwwwwwwwwwwwwwwwwwwww
wwwwwwwwwwwwwwwwwwwwwwwwwwwwwwwwwwwwwwww
nnnnnnnnnnnnnnnnnnnwwnnnnnnnnnnnnnnnnnnn
nnnnnnnnnnnnnnnnnnnwwnnnnnnnnnnnnnnnnnnn
nnnnnnnnnnnnnnnnnnnwwnnnnnnnnnnnnnnnnnnn
nnnnnnnnnnnnnnnnnnnwwnnnnnnnnnnnnnnnnnnn
nnnnnnnnnnnnnnnnnnnwwnnnnnnnnnnnnnnnnnnn
nnnnnnnnnnnnnnnnnnnwwnnnnnnnnnnnnnnnnnnn
nnnnnnnnnnnnnnnnnnnwwnnnnnnnnnnnnnnnnnnn
nnnnnnnnnnnnnnnnnnnwwnnnnnnnnnnnnnnnnnnn
nnnnnnnnnnnnnnnnnnnwwnnnnnnnnnnnnnnnnnnn
nnnnnnnnnnnnnnnnnnnwwnnnnnnnnnnnnnnnnnnn
nnnnnnnnnnnnnnnnnnnwwnnnnnnnnnnnnnnnnnnn
nnnnnnnnnnnnnnnnnnnwwnnnnnnnnnnnnnnnnnnn
nnnnnnnnnnnnnnnnnnnwwnnnnnnnnnnnnnnnnnnn
nnnnnnnnnnnnnnnnnnnwwnnnnnnnnnnnnnnnnnnn
nnnnnnnnnnnnnnnnnnnwwnnnnnnnnnnnnnnnnnnn
nnnnnnnnnnnnnnnnnnnwwnnnnnnnnnnnnnnhnnnn
nnnnnnnnnnnnnnnnnnnwwnnnnnnnnnnnnnnnnnnn
nnnnnnnnnnnnnnnnnnnwwnnnnnnnnnnnnnnnnnnn
nnnnnnnnnnnnnnnnnnnwwnnnnnnnnnnnnnnnnnnn