nnnnnnnwnnnnnnnnwnwnnnnnnnnnwnwwnnnnnnnn
nnnnnnnnnnwnnwwnnwwnnnnnnnnnnnwnnnwnnnnn
nnnnnnwnnnnnnnnnwnnnnnwnnnnwnnnnwnnwnnnn
nnnnnnnnnnnnnwnnnnnwwnnnnnnnnnnnnnwnnnnn
nnnnHnnwnnnnnwwnnnnnwnnnnnwnnwwnwnnwnwnn
nnnnnnnnnnnnnnnnnwnnnwnnnnnnnnwnnnnnwnwn
nnwnnnnnnnnnwnwnnwnwnnnnnnnnnnnnwnnnnnnn
wnnnwnnnnnnnnnnwnnwnnnnnnnnnnnnnnwnwnwnn
nnnnnnnnnnnnnnnnnwnnnnwnnwnnnwnnnnnnnnnw
nnnnnnnnnnnnnnnnnnnnnnnnwnnnnnnnnnwwnnww
nwnnnnnnnnnnnwnnnnnnnwnnnnnnnwnwnnnwnnnn
nnnnnnnnnnnnnnnnwnnnnnnnnwnnnnnnnnnnnnnw
nnnnnnwnnnnnnnnnnnnnnnnnnwnnnnnnnnnnnwnn
nwnwwnnnnnwnnnnnnnnnnnnnnnnnnnnnnnnwnnnn
nwnnwnwnnnnnnnnwnnnnnnnnnnnwwnnwnnnnnnnn
nnnnnnnwnnnnnnwnnwnnwnnnnnnnnnwnnnnnnnnn
wnwnnnnnnnnwnnnnnnnnnnnnnnnnnnnnnnnnnnnn
nwnnnwwnwnnnnnnwnnwnnwnnnnnnnnnwnnnnnwnn
wwnnnnnwnnnnnnnnnwnnnnwnnnnnnwnnnnwnnnnn
nnnwnnwnnnnnnnnnnnnnnnnnwnnnnnnnnnnwwnnn
nnnwwnnnnnnnnnnwnnnnnnnnnnnnnnnnnwnnwnnn
nnnnnwnnnnwnnnnnnwnnnnwnnnnnnnnnwnnnnnww
nnwnnnnnwnnnnnnnnnwnnwnnwnnnnnnwnwwnnnwn
nnnnnnnnnnnnnnnnnnnnnnnnnnnnwnnnnnnnnwnw
nnnnnnnnnwnnnnnnnnnwnnwnnwnnnnnnwnnnnnnn
nnnnnnnnwnnwwnnnnnnnnnnnwnnnnnnnnwnwnnwn
nnnnwnnnnnnnnnnnnnnnnnnnnnnnnwnnnnnwwnwn
nnwnnnnnnnnnnnwnnnnnnnnnnnnnnnnnnwnnnnnn
wnnnnnnnnnnnnnwnnnnnnnnwnnnnnnnnnnnnnnnn
nnnnwnnnwnwnnnnnnnwnnnnnnnwnnnnnnnnnnnwn
wwnnwwnnnnnnnnnwnnnnnnnnnnnnnnnnnnnnnnnn
wnnnnnnnnnwnnnwnnwnnnnwnnnnnnnnnnnnnnnnn
nnwnwnwnnnnnnnnnnnnnnwnnwnnnnnnnnnnwnnnw
nnnnnnnwnnnnnnnnnnnnwnwnnwnwnnnnnnnnnwnn
nwnwnnnnnwnnnnnnnnwnnnwnnnnnnnnnnnnnnnnn
nnwnwnnwnwwnnwnnnnnwnnnnnwwnnnnnwnnhnnnn
nnnnnwnnnnnnnnnnnnnwwnnnnnwnnnnnnnnnnnnn
nnnnwnnwnnnnwnnnnwnnnnnwnnnnnnnnnwnnnnnn
nnnnnwnnnwnnnnnnnnnnnwwnnwwnnwnnnnnnnnnn
nnnnnnnnwwnwnnnnnnnnnwnwnnnnnnnnwnnnnnnn